<html>
<body>
<pre>
<h1>µVision Build Log</h1>
<h2>Tool Versions:</h2>
IDE-Version: µVision V5.27.1.0
Copyright (C) 2019 ARM Ltd and ARM Germany GmbH. All rights reserved.
License Information: dayat saputra, dtys, LIC=N7GFV-PI5SH-UT5XX-VZ2W9-3FT8E-5EIH8
 
Tool Versions:
Toolchain:       MDK-ARM Cortex-M0/M23 for Nuvoton  Version: 5.27.1.0
Toolchain Path:  C:\Keil_v5\ARM\ARMCC\Bin
C Compiler:      Armcc.exe V5.06 update 6 (build 750)
Assembler:       Armasm.exe V5.06 update 6 (build 750)
Linker/Locator:  ArmLink.exe V5.06 update 6 (build 750)
Library Manager: ArmAr.exe V5.06 update 6 (build 750)
Hex Converter:   FromElf.exe V5.06 update 6 (build 750)
CPU DLL:         SARMCM3.DLL V5.27.1.0
Dialog DLL:      DARMCM1.DLL V1.19.2.0
    Target DLL: Nu_Link.dll
Dialog DLL:      TARMCM1.DLL V1.14.1.0
 
<h2>Project:</h2>
E:\Nuvoton\mikon\NUC140-LB\Nu-LB-NUC140_BSP3.00.004_v1.2\Nu-LB-NUC140_BSP3.00.004_v1.2\SampleCode\Nu-LB-NUC140\Anti_Maling\KEIL\Nu-LB-NUC140_GPIO.uvprojx
Project File Date:  04/29/2019

<h2>Output:</h2>
*** Using Compiler 'V5.06 update 6 (build 750)', folder: 'C:\Keil_v5\ARM\ARMCC\Bin'
Build target 'Anti_Maling'
creating preprocessor file for retarget.c...
creating preprocessor file for gpio.c...
creating preprocessor file for system_NUC100Series.c...
creating preprocessor file for clk.c...
creating preprocessor file for sys.c...
creating preprocessor file for uart.c...
creating preprocessor file for spi.c...
creating preprocessor file for pwm.c...
creating preprocessor file for main.c...
creating preprocessor file for SYS_init.c...
creating preprocessor file for Scankey.c...
creating preprocessor file for LCD.c...
creating preprocessor file for Seven_Segment.c...
linking...
Program Size: Code=5084 RO-data=480 RW-data=68 ZI-data=2068  
After Build - User command #1: fromelf --bin ".\obj\GPIO_Keypad.axf" --output ".\obj\GPIO_Keypad.bin"
After Build - User command #2: fromelf --text -c ".\obj\GPIO_Keypad.axf" --output ".\obj\GPIO_Keypad.txt"
".\obj\GPIO_Keypad.axf" - 0 Error(s), 0 Warning(s).

<h2>Software Packages used:</h2>

Package Vendor: ARM
                http://www.keil.com/pack/ARM.CMSIS.5.5.1.pack
                ARM.CMSIS.5.5.1
                CMSIS (Cortex Microcontroller Software Interface Standard)
   * Component: CORE Version: 5.2.0

Package Vendor: Nuvoton
                http://www.nuvoton.com/hq/enu/Documents/KEILSoftwarePack/Nuvoton.NuMicro_DFP.1.3.3.pack
                Nuvoton.NuMicro_DFP.1.3.3
                Nuvoton ARM Cortex-M NuMicro Family Device Support

<h2>Collection of Component include folders:</h2>
  .\RTE\_Anti_Maling
  C:\Users\dayat\AppData\Local\Arm\Packs\ARM\CMSIS\5.5.1\CMSIS\Core\Include
  C:\Users\dayat\AppData\Local\Arm\Packs\Nuvoton\NuMicro_DFP\1.3.3\Device\NUC100\Include

<h2>Collection of Component Files used:</h2>

   * Component: ARM::CMSIS:CORE:5.2.0
Build Time Elapsed:  00:00:12
</pre>
</body>
</html>
